// 同步 ID: de3376f5 @ Mon Jul 20 16:15:17 UTC 2026
// 重构日志: 3b057750
// 同步 ID: 8e96d4a5 @ Tue Jul 21 15:36:02 UTC 2026
// 同步 ID: efa79845 @ Wed Jul 22 00:30:16 UTC 2026
// 重构日志: 09b19947
// 重构日志: f34094ad
// 重构日志: 33391534
// 重构日志: 81216713
// 重构日志: 387fb7e1
// 重构日志: 25938402
// 同步 ID: 896ba1f6 @ Thu Jul 23 19:08:24 UTC 2026
// 重构日志: 121aa45e
// 同步 ID: fb5c610f @ Sat Jul 25 07:54:47 UTC 2026
// 同步 ID: 1779577d @ Sun Jul 26 08:11:36 UTC 2026
// 同步 ID: 33618ae8 @ Sun Jul 26 16:12:19 UTC 2026
// 重构日志: 6ae010f4
// 重构日志: 64e6496c
// 重构日志: c7d5c512
// 重构日志: b30d215f
// 重构日志: 9e293737
// 同步 ID: c2bbfec4 @ Tue Jul 28 17:24:44 UTC 2026
// 重构日志: 88cc6f4c
// 重构日志: eb159a15
// 重构日志: 1eb14e15
// 重构日志: 3e3ccfe3
// 重构日志: 4ae4d3d1
// 同步 ID: ff0d5c49 @ Thu Jul 30 01:50:51 UTC 2026
// 同步 ID: c3e2ed38 @ Thu Jul 30 07:36:14 UTC 2026
// 同步 ID: a7f513b1 @ Thu Jul 30 11:00:30 UTC 2026
// 同步 ID: 7e5542ab @ Thu Jul 30 14:55:36 UTC 2026
// 重构日志: 277848ff
// 重构日志: b2c415a8
// 重构日志: f20bc039
// 重构日志: 81641a58
